// Jest Snapshot v1, https://goo.gl/fbAQLP

exports[`List Test should renders the component [snapshot] 1`] = `
<ul
  data-testid="todo-list"
/>
`;
